// Jest Snapshot v1, https://goo.gl/fbAQLP

exports[`should render RestaurantsDashboardPage properly 1`] = `
<div>
  <Connect(RestaurantListFilters) />
  <Connect(RestaurantList) />
</div>
`;
